     Testing CTModels
      Status `/private/var/folders/xh/6cj27y_n2_v3l0h35s5p5pkh0000gp/T/jl_Kfn4ml/Project.toml`
  [54578032] ADNLPModels v0.8.13
  [4c88cf16] Aqua v0.8.14
  [54762871] CTBase v0.17.4
  [34c4fa32] CTModels v0.7.1-beta `~/Research/logiciels/dev/control-toolbox/CTModels.jl`
  [ffbed154] DocStringExtensions v0.9.5
  [1037b233] ExaModels v0.9.3
  [a98d9a8b] Interpolations v0.16.2
  [033835bb] JLD2 v0.6.3
  [0f8b85d8] JSON3 v1.14.3
  [63c18a36] KernelAbstractions v0.9.39
  [d8e11817] MLStyle v0.4.17
  [1914dd2f] MacroTools v0.5.16
  [2621e9c9] MadNLP v0.8.12
  [a4795742] NLPModels v0.21.7
  [bac558e1] OrderedCollections v1.8.1
  [d96e819e] Parameters v0.12.3
  [91a5bcdd] Plots v1.41.4
  [3cdcf5f2] RecipesBase v1.3.4
  [ff4d7338] SolverCore v0.3.9
  [37e2e46d] LinearAlgebra v1.12.0
  [9a3f8284] Random v1.11.0
  [8dfed614] Test v1.11.0
      Status `/private/var/folders/xh/6cj27y_n2_v3l0h35s5p5pkh0000gp/T/jl_Kfn4ml/Manifest.toml`
  [54578032] ADNLPModels v0.8.13
  [47edcb42] ADTypes v1.21.0
  [14f7f29c] AMD v0.5.3
  [79e6a3ab] Adapt v4.4.0
  [66dad0bd] AliasTables v1.1.3
  [4c88cf16] Aqua v0.8.14
  [a9b6321e] Atomix v1.1.2
  [13072b0f] AxisAlgorithms v1.1.0
  [d1d4a3ce] BitFlags v0.1.9
  [54762871] CTBase v0.17.4
  [34c4fa32] CTModels v0.7.1-beta `~/Research/logiciels/dev/control-toolbox/CTModels.jl`
  [d360d2e6] ChainRulesCore v1.26.0
  [0b6fb165] ChunkCodecCore v1.0.1
  [4c0bbee4] ChunkCodecLibZlib v1.0.0
  [55437552] ChunkCodecLibZstd v1.0.0
  [944b1d66] CodecZlib v0.7.8
  [35d6a980] ColorSchemes v3.31.0
  [3da002f7] ColorTypes v0.12.1
  [c3611d14] ColorVectorSpace v0.11.0
  [5ae59095] Colors v0.13.1
  [bbf7d656] CommonSubexpressions v0.3.1
  [34da2185] Compat v4.18.1
  [f0e56b4a] ConcurrentUtilities v2.5.0
  [d38c429a] Contour v0.6.3
  [9a962f9c] DataAPI v1.16.0
  [864edb3b] DataStructures v0.19.3
  [8bb1440f] DelimitedFiles v1.9.1
  [163ba53b] DiffResults v1.1.0
  [b552c78f] DiffRules v1.15.1
  [ffbed154] DocStringExtensions v0.9.5
  [1037b233] ExaModels v0.9.3
  [460bff9d] ExceptionUnwrapping v0.1.11
  [e2ba6199] ExprTools v0.1.10
  [c87230d0] FFMPEG v0.4.5
  [9aa1b823] FastClosures v0.3.2
  [5789e2e9] FileIO v1.17.1
  [1a297f60] FillArrays v1.16.0
  [53c48c17] FixedPointNumbers v0.8.5
  [1fa38f19] Format v1.3.7
  [f6369f11] ForwardDiff v1.3.1
  [069b7b12] FunctionWrappers v1.1.3
  [28b8d3ca] GR v0.73.21
  [42e2da0e] Grisu v1.0.2
  [cd3eb016] HTTP v1.10.19
  [076d061b] HashArrayMappedTries v0.2.0
  [a98d9a8b] Interpolations v0.16.2
  [92d709cd] IrrationalConstants v0.2.6
  [033835bb] JLD2 v0.6.3
  [1019f520] JLFzf v0.1.11
  [692b3bcd] JLLWrappers v1.7.1
  [682c06a0] JSON v1.4.0
  [0f8b85d8] JSON3 v1.14.3
  [63c18a36] KernelAbstractions v0.9.39
  [40e66cde] LDLFactorizations v0.10.1
  [b964fa9f] LaTeXStrings v1.4.0
  [23fbe1c1] Latexify v0.16.10
  [5c8ed15e] LinearOperators v2.11.0
  [2ab3a3ac] LogExpFunctions v0.3.29
  [e6f89c97] LoggingExtras v1.2.0
  [d8e11817] MLStyle v0.4.17
  [1914dd2f] MacroTools v0.5.16
  [2621e9c9] MadNLP v0.8.12
  [739be429] MbedTLS v1.1.9
  [442fdcdd] Measures v0.3.3
  [e1d29d7a] Missings v1.2.0
  [a4795742] NLPModels v0.21.7
  [77ba4419] NaNMath v1.1.3
  [6fe1bfb0] OffsetArrays v1.17.0
  [4d8831e6] OpenSSL v1.6.1
  [bac558e1] OrderedCollections v1.8.1
  [d96e819e] Parameters v0.12.3
  [69de0a69] Parsers v2.8.3
  [ccf2f8ad] PlotThemes v3.3.0
  [995b91a9] PlotUtils v1.4.4
  [91a5bcdd] Plots v1.41.4
  [aea7be01] PrecompileTools v1.3.3
  [21216c6a] Preferences v1.5.1
  [43287f4e] PtrArrays v1.3.0
  [c84ed2f1] Ratios v0.4.5
  [3cdcf5f2] RecipesBase v1.3.4
  [01d81517] RecipesPipeline v0.6.12
  [189a3867] Reexport v1.2.2
  [05181044] RelocatableFolders v1.0.1
  [ae029012] Requires v1.3.1
  [37e2e3b7] ReverseDiff v1.16.2
  [7e506255] ScopedValues v1.5.0
  [6c6a2e73] Scratch v1.3.0
  [992d4aef] Showoff v1.0.3
  [777ac1f9] SimpleBufferStream v1.2.0
  [ff4d7338] SolverCore v0.3.9
  [a2af1166] SortingAlgorithms v1.2.2
  [9f842d2f] SparseConnectivityTracer v1.1.3
  [0a514795] SparseMatrixColorings v0.4.23
  [276daf66] SpecialFunctions v2.6.1
  [860ef19b] StableRNGs v1.0.4
  [90137ffa] StaticArrays v1.9.16
  [1e83bf80] StaticArraysCore v1.4.4
  [10745b16] Statistics v1.11.1
  [82ae8749] StatsAPI v1.8.0
  [2913bbd2] StatsBase v0.34.10
  [856f2bd8] StructTypes v1.11.0
  [ec057cc2] StructUtils v2.6.2
  [62fd8b95] TensorCore v0.1.1
  [a759f4b9] TimerOutputs v0.5.29
  [3bb67fe8] TranscodingStreams v0.11.3
  [5c2747f8] URIs v1.6.1
  [3a884ed6] UnPack v1.0.2
  [1cfade01] UnicodeFun v0.4.1
  [013be700] UnsafeAtomics v0.3.0
  [41fe7b60] Unzip v0.2.0
  [efce3f68] WoodburyMatrices v1.1.0
  [6e34b625] Bzip2_jll v1.0.9+0
  [83423d85] Cairo_jll v1.18.5+0
  [ee1fde0b] Dbus_jll v1.16.2+0
  [2702e6a9] EpollShim_jll v0.0.20230411+1
  [2e619515] Expat_jll v2.7.3+0
  [b22a6f82] FFMPEG_jll v8.0.1+0
  [a3f928ae] Fontconfig_jll v2.17.1+0
  [d7e528f0] FreeType2_jll v2.13.4+0
  [559328eb] FriBidi_jll v1.0.17+0
  [0656b61e] GLFW_jll v3.4.1+0
  [d2c73de3] GR_jll v0.73.21+0
  [b0724c58] GettextRuntime_jll v0.22.4+0
  [61579ee1] Ghostscript_jll v9.55.1+0
  [7746bdde] Glib_jll v2.86.2+0
  [3b182d85] Graphite2_jll v1.3.15+0
  [2e76f6c2] HarfBuzz_jll v8.5.1+0
  [aacddb02] JpegTurbo_jll v3.1.4+0
  [c1c5ebd0] LAME_jll v3.100.3+0
  [88015f11] LERC_jll v4.0.1+0
  [1d63c593] LLVMOpenMP_jll v18.1.8+0
  [dd4b983a] LZO_jll v2.10.3+0
⌅ [e9f186c6] Libffi_jll v3.4.7+0
  [7e76a0d4] Libglvnd_jll v1.7.1+1
  [94ce4f54] Libiconv_jll v1.18.0+0
  [4b2f31a3] Libmount_jll v2.41.2+0
  [89763e89] Libtiff_jll v4.7.2+0
  [38a345b3] Libuuid_jll v2.41.2+0
  [c8ffd9c3] MbedTLS_jll v2.28.1010+0
  [e7412a2a] Ogg_jll v1.3.6+0
  [efe28fd5] OpenSpecFun_jll v0.5.6+0
  [91d4177d] Opus_jll v1.6.0+0
  [36c8627f] Pango_jll v1.57.0+0
⌅ [30392449] Pixman_jll v0.44.2+0
  [c0090381] Qt6Base_jll v6.8.2+2
  [629bc702] Qt6Declarative_jll v6.8.2+1
  [ce943373] Qt6ShaderTools_jll v6.8.2+1
  [e99dba38] Qt6Wayland_jll v6.8.2+2
  [a44049a8] Vulkan_Loader_jll v1.3.243+0
  [a2964d1f] Wayland_jll v1.24.0+0
  [ffd25f8a] XZ_jll v5.8.2+0
  [f67eecfb] Xorg_libICE_jll v1.1.2+0
  [c834827a] Xorg_libSM_jll v1.2.6+0
  [4f6342f7] Xorg_libX11_jll v1.8.12+0
  [0c0b7dd1] Xorg_libXau_jll v1.0.13+0
  [935fb764] Xorg_libXcursor_jll v1.2.4+0
  [a3789734] Xorg_libXdmcp_jll v1.1.6+0
  [1082639a] Xorg_libXext_jll v1.3.7+0
  [d091e8ba] Xorg_libXfixes_jll v6.0.2+0
  [a51aa0fd] Xorg_libXi_jll v1.8.3+0
  [d1454406] Xorg_libXinerama_jll v1.1.6+0
  [ec84b674] Xorg_libXrandr_jll v1.5.5+0
  [ea2f1a96] Xorg_libXrender_jll v0.9.12+0
  [c7cfdc94] Xorg_libxcb_jll v1.17.1+0
  [cc61e674] Xorg_libxkbfile_jll v1.1.3+0
  [e920d4aa] Xorg_xcb_util_cursor_jll v0.1.6+0
  [12413925] Xorg_xcb_util_image_jll v0.4.1+0
  [2def613f] Xorg_xcb_util_jll v0.4.1+0
  [975044d2] Xorg_xcb_util_keysyms_jll v0.4.1+0
  [0d47668e] Xorg_xcb_util_renderutil_jll v0.3.10+0
  [c22f9ab0] Xorg_xcb_util_wm_jll v0.4.2+0
  [35661453] Xorg_xkbcomp_jll v1.4.7+0
  [33bec58e] Xorg_xkeyboard_config_jll v2.44.0+0
  [c5fb5394] Xorg_xtrans_jll v1.6.0+0
  [3161d3a3] Zstd_jll v1.5.7+1
  [35ca27e7] eudev_jll v3.2.14+0
  [214eeab7] fzf_jll v0.61.1+0
  [a4ae2306] libaom_jll v3.13.1+0
  [0ac62f75] libass_jll v0.17.4+0
  [1183f4f0] libdecor_jll v0.2.2+0
  [2db6ffa8] libevdev_jll v1.13.4+0
  [f638f0a6] libfdk_aac_jll v2.0.4+0
  [36db933b] libinput_jll v1.28.1+0
  [b53b4c65] libpng_jll v1.6.54+0
  [f27f6e37] libvorbis_jll v1.3.8+0
  [009596ad] mtdev_jll v1.1.7+0
⌅ [1270edf5] x264_jll v10164.0.1+0
  [dfaa095f] x265_jll v4.1.0+0
  [d8fb68d0] xkbcommon_jll v1.13.0+0
  [0dad84c5] ArgTools v1.1.2
  [56f22d72] Artifacts v1.11.0
  [2a0f44e3] Base64 v1.11.0
  [ade2ca70] Dates v1.11.0
  [8ba89e20] Distributed v1.11.0
  [f43a241f] Downloads v1.6.0
  [7b1f6079] FileWatching v1.11.0
  [b77e0a4c] InteractiveUtils v1.11.0
  [ac6e5ff7] JuliaSyntaxHighlighting v1.12.0
  [b27032c2] LibCURL v0.6.4
  [76f85450] LibGit2 v1.11.0
  [8f399da3] Libdl v1.11.0
  [37e2e46d] LinearAlgebra v1.12.0
  [56ddb016] Logging v1.11.0
  [d6f4376e] Markdown v1.11.0
  [a63ad114] Mmap v1.11.0
  [ca575930] NetworkOptions v1.3.0
  [44cfe95a] Pkg v1.12.0
  [de0858da] Printf v1.11.0
  [3fa0cd96] REPL v1.11.0
  [9a3f8284] Random v1.11.0
  [ea8e919c] SHA v0.7.0
  [9e88b42a] Serialization v1.11.0
  [1a1011a3] SharedArrays v1.11.0
  [6462fe0b] Sockets v1.11.0
  [2f01184e] SparseArrays v1.12.0
  [f489334b] StyledStrings v1.11.0
  [4607b0f0] SuiteSparse
  [fa267f1f] TOML v1.0.3
  [a4e569a6] Tar v1.10.0
  [8dfed614] Test v1.11.0
  [cf7118a7] UUIDs v1.11.0
  [4ec0a83e] Unicode v1.11.0
  [e66e0078] CompilerSupportLibraries_jll v1.3.0+1
  [deac9b47] LibCURL_jll v8.11.1+1
  [e37daf67] LibGit2_jll v1.9.0+0
  [29816b5a] LibSSH2_jll v1.11.3+1
  [14a3606d] MozillaCACerts_jll v2025.5.20
  [4536629a] OpenBLAS_jll v0.3.29+0
  [05823500] OpenLibm_jll v0.8.7+0
  [458c3c95] OpenSSL_jll v3.5.1+0
  [efcefdf7] PCRE2_jll v10.44.0+1
  [bea87d4a] SuiteSparse_jll v7.8.3+2
  [83775a58] Zlib_jll v1.3.1+2
  [8e850b90] libblastrampoline_jll v5.15.0+0
  [8e850ede] nghttp2_jll v1.64.0+1
  [3f19e933] p7zip_jll v17.5.0+2
        Info Packages marked with ⌅ have new versions available but compatibility constraints restrict them from upgrading.
     Testing Running tests...
suite/utils/test_utils.jl: Error During Test at /Users/ocots/.julia/packages/CTBase/n0kHO/ext/TestRunner.jl:75
  Got exception outside of a @test
  Function "test_utils" not found after including "/Users/ocots/Research/logiciels/dev/control-toolbox/CTModels.jl/test/suite/utils/test_utils.jl".
  Make sure the file defines a function with this name.
  
  Stacktrace:
    [1] error(s::String)
      @ Base ./error.jl:44
    [2] _run_single_test(spec::String; available_tests::Vector{Union{String, Symbol}}, filename_builder::Function, funcname_builder::var"#59#60", eval_mode::Bool, test_dir::String)
      @ TestRunner ~/.julia/packages/CTBase/n0kHO/ext/TestRunner.jl:401
    [3] macro expansion
      @ ~/.julia/packages/CTBase/n0kHO/ext/TestRunner.jl:76 [inlined]
    [4] macro expansion
      @ ~/.julia/juliaup/julia-1.12.1+0.aarch64.apple.darwin14/share/julia/stdlib/v1.12/Test/src/Test.jl:1776 [inlined]
    [5] macro expansion
      @ ~/.julia/packages/CTBase/n0kHO/ext/TestRunner.jl:76 [inlined]
    [6] macro expansion
      @ ~/.julia/juliaup/julia-1.12.1+0.aarch64.apple.darwin14/share/julia/stdlib/v1.12/Test/src/Test.jl:1776 [inlined]
    [7] run_tests(::CTBase.TestRunnerTag; args::Vector{String}, testset_name::String, available_tests::Tuple{String}, filename_builder::Function, funcname_builder::Function, eval_mode::Bool, verbose::Bool, showtiming::Bool, test_dir::String)
      @ TestRunner ~/.julia/packages/CTBase/n0kHO/ext/TestRunner.jl:74
    [8] run_tests
      @ ~/.julia/packages/CTBase/n0kHO/ext/TestRunner.jl:45 [inlined]
    [9] #run_tests#6
      @ ~/.julia/packages/CTBase/n0kHO/src/CTBase.jl:237 [inlined]
   [10] top-level scope
      @ ~/Research/logiciels/dev/control-toolbox/CTModels.jl/test/runtests.jl:37
   [11] include(mapexpr::Function, mod::Module, _path::String)
      @ Base ./Base.jl:307
   [12] top-level scope
      @ none:6
   [13] eval(m::Module, e::Any)
      @ Core ./boot.jl:489
   [14] exec_options(opts::Base.JLOptions)
      @ Base ./client.jl:283
   [15] _start()
      @ Base ./client.jl:550
Test Summary:               | Error  Total  Time
CTModels tests              |     1      1  0.8s
  suite/utils/test_utils.jl |     1      1  0.8s
RNG of the outermost testset: Xoshiro(0xe24c2cc4036f8f53, 0x81ab5116c9ac5c5f, 0x6bbef4fb894a19f4, 0x97b9a01a23c41fab, 0xa81c49a9094403e1)
ERROR: LoadError: Some tests did not pass: 0 passed, 0 failed, 1 errored, 0 broken.
in expression starting at /Users/ocots/Research/logiciels/dev/control-toolbox/CTModels.jl/test/runtests.jl:37
ERROR: Package CTModels errored during testing
Stacktrace:
  [1] pkgerror(msg::String)
    @ Pkg.Types ~/.julia/juliaup/julia-1.12.1+0.aarch64.apple.darwin14/share/julia/stdlib/v1.12/Pkg/src/Types.jl:68
  [2] test(ctx::Pkg.Types.Context, pkgs::Vector{PackageSpec}; coverage::Bool, julia_args::Cmd, test_args::Cmd, test_fn::Nothing, force_latest_compatible_version::Bool, allow_earlier_backwards_compatible_versions::Bool, allow_reresolve::Bool)
    @ Pkg.Operations ~/.julia/juliaup/julia-1.12.1+0.aarch64.apple.darwin14/share/julia/stdlib/v1.12/Pkg/src/Operations.jl:2427
  [3] test
    @ ~/.julia/juliaup/julia-1.12.1+0.aarch64.apple.darwin14/share/julia/stdlib/v1.12/Pkg/src/Operations.jl:2280 [inlined]
  [4] test(ctx::Pkg.Types.Context, pkgs::Vector{PackageSpec}; coverage::Bool, test_fn::Nothing, julia_args::Cmd, test_args::Vector{String}, force_latest_compatible_version::Bool, allow_earlier_backwards_compatible_versions::Bool, allow_reresolve::Bool, kwargs::@Kwargs{io::IOContext{IO}})
    @ Pkg.API ~/.julia/juliaup/julia-1.12.1+0.aarch64.apple.darwin14/share/julia/stdlib/v1.12/Pkg/src/API.jl:484
  [5] test(pkgs::Vector{PackageSpec}; io::IOContext{IO}, kwargs::@Kwargs{test_args::Vector{String}})
    @ Pkg.API ~/.julia/juliaup/julia-1.12.1+0.aarch64.apple.darwin14/share/julia/stdlib/v1.12/Pkg/src/API.jl:164
  [6] test(pkgs::Vector{String}; kwargs::@Kwargs{test_args::Vector{String}})
    @ Pkg.API ~/.julia/juliaup/julia-1.12.1+0.aarch64.apple.darwin14/share/julia/stdlib/v1.12/Pkg/src/API.jl:152
  [7] test
    @ ~/.julia/juliaup/julia-1.12.1+0.aarch64.apple.darwin14/share/julia/stdlib/v1.12/Pkg/src/API.jl:152 [inlined]
  [8] #test#81
    @ ~/.julia/juliaup/julia-1.12.1+0.aarch64.apple.darwin14/share/julia/stdlib/v1.12/Pkg/src/API.jl:151 [inlined]
  [9] top-level scope
    @ none:1
 [10] eval(m::Module, e::Any)
    @ Core ./boot.jl:489
 [11] exec_options(opts::Base.JLOptions)
    @ Base ./client.jl:283
 [12] _start()
    @ Base ./client.jl:550
